============================================================
  Generated by:           Genus(TM) Synthesis Solution 21.14-s082_1
  Generated on:           Sep 16 2026  01:35:13 pm
  Module:                 siren_neuron
  Operating conditions:   slow (balanced_tree)
  Wireload mode:          enclosed
  Area mode:              timing library
============================================================

Timing
--------

Clock  Period 
--------------
clk   10000.0 


  Cost    Critical         Violating 
 Group   Path Slack  TNS     Paths   
-------------------------------------
clk          2067.2   0.0          0 
default    No paths   0.0            
-------------------------------------
Total                 0.0          0 

Instance Count
--------------
Leaf Instance Count             7746 
Physical Instance count            0 
Sequential Instance Count        747 
Combinational Instance Count    6999 
Hierarchical Instance Count        1 

Area
----
Cell Area                          0.000
Physical Cell Area                 0.000
Total Cell Area (Cell+Physical)    0.000
Net Area                           0.000
Total Area (Cell+Physical+Net)     0.000

Max Fanout                         748 (clk)
Min Fanout                         0 (scaled_result[13])
Average Fanout                     2.4
Terms to net ratio                 3.4673
Terms to instance ratio            3.9400
Runtime                            217.58156099999997 seconds
Elapsed Runtime                    220 seconds
Genus peak memory usage            1721.49 
Innovus peak memory usage          no_value 
Hostname                           cad312vitcc.vit.ac.in
