============================================================
  Generated by:           Genus(TM) Synthesis Solution 21.14-s082_1
  Generated on:           Sep 16 2026  01:35:12 pm
  Module:                 siren_neuron
  Operating conditions:   slow (balanced_tree)
  Wireload mode:          enclosed
  Area mode:              timing library
============================================================


Path 1: MET (2067 ps) Setup Check with Pin mac_acc_out_reg[13]/CK->D
          Group: clk
     Startpoint: (R) w_in[3]
          Clock: (R) clk
       Endpoint: (R) mac_acc_out_reg[13]/D
          Clock: (R) clk

                     Capture       Launch     
        Clock Edge:+   10000            0     
        Drv Adjust:+       0            0     
       Src Latency:+       0            0     
       Net Latency:+       0 (I)        0 (I) 
           Arrival:=   10000            0     
                                              
             Setup:-     104                  
       Uncertainty:-     200                  
     Required Time:=    9696                  
      Launch Clock:-       0                  
       Input Delay:-    2000                  
         Data Path:-    5629                  
             Slack:=    2067                  

Exceptions/Constraints:
  input_delay             2000            constraints.sdc_line_5_30_1 

#------------------------------------------------------------------------------------------------------------------------
#                 Timing Point                   Flags    Arc   Edge   Cell     Fanout Load Trans Delay Arrival Instance 
#                                                                                      (fF)  (ps)  (ps)   (ps)  Location 
#------------------------------------------------------------------------------------------------------------------------
  w_in[3]                                        -       -      R     (arrival)     26 89.5     0     0    2000    (-,-) 
  mac_csa_tree_ADD_TC_OP_2_pad_groupi_g13010/Y   -       A->Y   F     CLKINVX20     23 70.0    70    38    2038    (-,-) 
  mac_csa_tree_ADD_TC_OP_2_pad_groupi_g12977/Y   -       A1->Y  R     AOI22X4        9 26.9   248   167    2205    (-,-) 
  mac_csa_tree_ADD_TC_OP_2_pad_groupi_g12744/Y   -       B->Y   F     NAND2X8        7 19.5   143   140    2345    (-,-) 
  mac_csa_tree_ADD_TC_OP_2_pad_groupi_g12733/Y   -       A->Y   R     CLKINVX4      10 28.5   129   109    2454    (-,-) 
  mac_csa_tree_ADD_TC_OP_2_pad_groupi_g12685/Y   -       A1->Y  F     AOI22X4        3  4.4   110   108    2562    (-,-) 
  mac_csa_tree_ADD_TC_OP_2_pad_groupi_g12323/Y   -       A0N->Y F     AOI2BB2X4      2  3.6   106   162    2724    (-,-) 
  mac_csa_tree_ADD_TC_OP_2_pad_groupi_g12165/Y   -       B->Y   F     XOR3X1         2  3.9   126   276    2999    (-,-) 
  g106384/Y                                      -       A->Y   R     XNOR3X1        2  3.9   102   384    3384    (-,-) 
  mac_csa_tree_ADD_TC_OP_2_pad_groupi_g12026/Y   -       B->Y   F     NOR2X4         1  4.9    44    58    3441    (-,-) 
  mac_csa_tree_ADD_TC_OP_2_pad_groupi_g11987/CON -       B->CON R     ACHCONX2       1  2.9   173   146    3587    (-,-) 
  mac_csa_tree_ADD_TC_OP_2_pad_groupi_g11964/Y   -       C0->Y  F     OAI221X4       1  2.2   131   135    3722    (-,-) 
  mac_csa_tree_ADD_TC_OP_2_pad_groupi_g11954/CO  -       CI->CO F     ADDFHX2        1  2.2    66   195    3918    (-,-) 
  mac_csa_tree_ADD_TC_OP_2_pad_groupi_g11953/CO  -       CI->CO F     ADDFHX2        1  2.2    66   174    4092    (-,-) 
  mac_csa_tree_ADD_TC_OP_2_pad_groupi_g11952/CO  -       CI->CO F     ADDFHX2        1  2.2    66   174    4266    (-,-) 
  mac_csa_tree_ADD_TC_OP_2_pad_groupi_g11951/CO  -       CI->CO F     ADDFHX2        1  2.8    71   176    4442    (-,-) 
  mac_csa_tree_ADD_TC_OP_2_pad_groupi_g11950/Y   -       A->Y   R     CLKINVX4       2  4.5    32    40    4482    (-,-) 
  mac_csa_tree_ADD_TC_OP_2_pad_groupi_g11949/Y   -       B0->Y  F     AOI2BB1X4      1  2.9    52    31    4514    (-,-) 
  g106638/Y                                      -       B0->Y  R     AOI21X4        2  2.6    55    45    4558    (-,-) 
  g106377/CON                                    -       A->CON F     ACHCONX2       1  2.2   150   231    4789    (-,-) 
  mac_csa_tree_ADD_TC_OP_2_pad_groupi_g11943/CO  -       CI->CO F     ADDFHX1        1  2.2    79   198    4988    (-,-) 
  mac_csa_tree_ADD_TC_OP_2_pad_groupi_g11942/CO  -       CI->CO F     ADDFHX1        1  2.2    80   175    5163    (-,-) 
  mac_csa_tree_ADD_TC_OP_2_pad_groupi_g11941/CO  -       CI->CO F     ADDFHX1        1  2.2    80   175    5338    (-,-) 
  mac_csa_tree_ADD_TC_OP_2_pad_groupi_g11940/CO  -       CI->CO F     ADDFHX2        1  2.5    68   180    5518    (-,-) 
  mac_csa_tree_ADD_TC_OP_2_pad_groupi_g11939/CO  -       CI->CO F     ADDFHX4        1  4.2    73   182    5699    (-,-) 
  mac_csa_tree_ADD_TC_OP_2_pad_groupi_g11938/Y   -       A->Y   R     INVX6          3  5.2    30    39    5739    (-,-) 
  mac_csa_tree_ADD_TC_OP_2_pad_groupi_g11937/Y   -       B->Y   F     NOR2X4         1  3.1    37    27    5766    (-,-) 
  mac_csa_tree_ADD_TC_OP_2_pad_groupi_g11933/Y   -       B1->Y  R     OAI2BB2X4      2  6.2   130    56    5822    (-,-) 
  mac_csa_tree_ADD_TC_OP_2_pad_groupi_g11929/Y   -       B1->Y  F     OAI222X4       1  2.2   156   156    5978    (-,-) 
  mac_csa_tree_ADD_TC_OP_2_pad_groupi_g11927/CO  -       CI->CO F     ADDFHX1        1  2.2    79   200    6178    (-,-) 
  mac_csa_tree_ADD_TC_OP_2_pad_groupi_g11926/CO  -       CI->CO F     ADDFHX1        1  2.2    80   175    6353    (-,-) 
  mac_csa_tree_ADD_TC_OP_2_pad_groupi_g11925/CO  -       CI->CO F     ADDFHX2        1  2.8    71   181    6534    (-,-) 
  mac_csa_tree_ADD_TC_OP_2_pad_groupi_g11924/CO  -       B->CO  F     ADDFHX1        2  3.0    91   190    6724    (-,-) 
  mac_csa_tree_ADD_TC_OP_2_pad_groupi_g13095/Y   -       B->Y   R     XOR2X4         1  0.8    60   191    6915    (-,-) 
  g106360/Y                                      -       A->Y   R     CLKMX2X12      2 10.9   110   309    7224    (-,-) 
  g101268/Y                                      -       D->Y   F     NAND4X8        1  3.1   144   106    7330    (-,-) 
  g100869/Y                                      -       A1->Y  R     AOI21X4        2 12.2   124   122    7452    (-,-) 
  g100749/Y                                      -       B->Y   F     NAND2X8       15 13.5    96    90    7542    (-,-) 
  g100315/Y                                      -       A1->Y  R     OAI221X1       1  0.7   111    87    7629    (-,-) 
  mac_acc_out_reg[13]/D                          <<<     -      R     DFFRHQX8       1    -     -     0    7629    (-,-) 
#------------------------------------------------------------------------------------------------------------------------

