Cadence Genus(TM) Synthesis Solution.
Copyright 2022 Cadence Design Systems, Inc. All rights reserved worldwide.
Cadence and the Cadence logo are registered trademarks and Genus is a trademark
of Cadence Design Systems, Inc. in the United States and other countries.

[13:28:41.328602] Configured Lic search path (21.01-s002): 5281@14.139.1.126:1717@14.139.1.126

Version: 21.14-s082_1, built Thu Jun 23 02:02:08 PDT 2022
Options: -files scripts.tcl 
Date:    Wed Sep 16 13:28:41 2026
Host:    cad312vitcc.vit.ac.in (x86_64 w/Linux 4.18.0-553.150.1.el8_10.x86_64) (16cores*64cpus*2physical cpus*INTEL(R) XEON(R) GOLD 6526Y 38400KB) (2112776980KB)
PID:     3320402
OS:      Red Hat Enterprise Linux release 8.10 (Ootpa)

Checkout succeeded: Genus_Synthesis/3FFB3787901511A9760E
	License file: 5281@14.139.1.126
	License Server: 5281@14.139.1.126

[13:28:43.357368] Periodic Lic check successful
[13:28:43.357377] Feature usage summary:
[13:28:43.357378] Genus_Synthesis
Checking out license: Genus_Synthesis


***********************************************************************************************************
***********************************************************************************************************



Loading tool scripts...
Finished loading tool scripts (6 seconds elapsed).

#@ Processing -files option
@genus 1> source scripts.tcl
File 'scripts.tcl' does not exist.
Encountered problems processing file: scripts.tcl
WARNING: This version of the tool is 1545 days old.
@genus:root: 2> exit

Lic Summary:
[13:28:54.375880] Cdslmd servers: cadence-c2s
[13:28:54.375891] Feature usage summary:
[13:28:54.375891] Genus_Synthesis

Normal exit.